Starting processing for camera: QHY600
Pipeline log: /Users/u5500483/Documents/GitHub/noise_models_w1m/logs/pipeline_QHY600_20260529T153933Z.log
Using camera type: QHY600
Found 21 FITS files.
Found 21 FITS files after excluding not suitable files.
Using reference image: IMAGE80620240122004608.fits with prefix: NG0719+0956
Traceback (most recent call last):
  File "/Users/u5500483/Documents/GitHub/noise_models_w1m/simple_wrapper_W1m.py", line 102, in <module>
    ra, dec, epoch, box_size = pointing_from_header(ff[0].header, args.camera)
                               ^^^^^^^^^^^^^^^^^^^^^^^^^^^^^^^^^^^^^^^^^^^^^^^
  File "/Users/u5500483/Documents/GitHub/noise_models_w1m/utils_W1m.py", line 129, in pointing_from_header
    str(header[config["ra_key"]]),
        ~~~~~~^^^^^^^^^^^^^^^^^^
  File "/Users/u5500483/.local/lib/python3.11/site-packages/astropy-6.0.0-py3.11-macosx-11.1-arm64.egg/astropy/io/fits/header.py", line 170, in __getitem__
    card = self._cards[self._cardindex(key)]
                       ^^^^^^^^^^^^^^^^^^^^
  File "/Users/u5500483/.local/lib/python3.11/site-packages/astropy-6.0.0-py3.11-macosx-11.1-arm64.egg/astropy/io/fits/header.py", line 1726, in _cardindex
    raise KeyError(f"Keyword {keyword!r} not found.")
KeyError: "Keyword 'MNTRAD' not found."
Pipeline failed at line 22 with exit code 1
