Starting processing for camera: QHY600
Pipeline log: /Users/u5500483/Documents/GitHub/noise_models_w1m/logs/pipeline_QHY600_20260529T165310Z.log
Using camera type: QHY600
Found 3 FITS files.
Found 3 FITS files after excluding not suitable files.
Using reference image: KELT-16-20250820000606758.fits with prefix: KELT-16
Did not find catalog file: KELT-16_catalog.fits
Fetching catalog from Vizier...
Fetched 7478 rows from Vizier.
Fetching column descriptions...
Column names: ['TIC', 'RAJ2000', 'DEJ2000', 'TYC', 'UCAC4', '_2MASS', 'GAIA', 'S_G', 'Ref', 'pmRA', 'e_pmRA', 'pmDE', 'e_pmDE', 'r_pm', 'Teff', 's_Teff', 'logg', 's_logg', '__M_H_', 'e__M_H_', 'Rad', 's_Rad', 'Mass', 's_Mass', 'LClass', 'Dist', 's_Dist', 'Ncont', 'Rcont', 'e_Mass', 'E_Mass', 'e_Rad', 'E_Rad', 'e_logg', 'E_logg', 'e_Dist', 'E_Dist', 'r_Dist', 'e_Teff', 'E_Teff', 'r_Teff', 'e_RAJ2000', 'e_DEJ2000', 'RAOdeg', 'DEOdeg', 'e_RAOdeg', 'e_DEOdeg', 'Sloan']
Applying proper motion corrections...
Performing blending checks...
Blending check complete. 6965 stars flagged as blended.
Elapsed time: 3.2711076388913796e-05
Cleaning metadata for FITS compatibility...
Saving catalog to FITS...
Catalog successfully saved to KELT-16_catalog.fits.
Catalog created for image KELT-16-20250820000606758.fits with prefix: KELT-16

Solving reference image: KELT-16-20250820000606758.fits
Reading input file 1 of 1: "/var/folders/ry/y1q_cv813fg1f97kxq89yc100000gq/T/tmpzl4o4lq4/scratch.xyls"...
Solving...
Reading file "/var/folders/ry/y1q_cv813fg1f97kxq89yc100000gq/T/tmpzl4o4lq4/scratch.axy"...
Only searching for solutions within 4 degrees of RA,Dec (314.29,31.5373)
Field 1 did not solve (index index-4205-03.fits, field objects 1-10).
Field 1 did not solve (index index-4110.fits, field objects 1-10).
Field 1 did not solve (index index-4205-03.fits, field objects 11-20).
Field 1 did not solve (index index-4110.fits, field objects 11-20).
  log-odds ratio 129.485 (1.71701e+56), 18 match, 1 conflict, 36 distractors, 26 index.
  RA,Dec = (314.268,31.6611), pixel scale 0.226327 arcsec/pix.
  Hit/miss:   Hit/miss: ++++-++--++-+-++-------+----c--+----+++-+-------------+(best)---------------------------------------------
Field 1: solved with index index-4205-03.fits.
Field 1 solved: writing to file /var/folders/ry/y1q_cv813fg1f97kxq89yc100000gq/T/tmpzl4o4lq4/scratch.solved to indicate this.
Field: /var/folders/ry/y1q_cv813fg1f97kxq89yc100000gq/T/tmpzl4o4lq4/scratch.xyls
Field center: (RA,Dec) = (314.267820, 31.661087) deg.
Field center: (RA H:M:S, Dec D:M:S) = (20:57:04.277, +31:39:39.912).
Field size: 23.5831 x 15.7523 arcminutes
Field rotation angle: up is 89.791 degrees E of N
Field parity: neg

Source detect using default kernel
14.035945415496826 1250 1177
./KELT-16-20250820000606758.fits failed WCS, skipping...

Traceback (most recent call last):
  File "/Users/u5500483/Documents/GitHub/noise_models_w1m/solve_ref_images_W1m.py", line 658, in prepare_frame
    cam_bin = frame.header['HBIN_SZ']
              ~~~~~~~~~~~~^^^^^^^^^^^
  File "/Users/u5500483/.local/lib/python3.11/site-packages/astropy-6.0.0-py3.11-macosx-11.1-arm64.egg/astropy/io/fits/header.py", line 170, in __getitem__
    card = self._cards[self._cardindex(key)]
                       ^^^^^^^^^^^^^^^^^^^^
  File "/Users/u5500483/.local/lib/python3.11/site-packages/astropy-6.0.0-py3.11-macosx-11.1-arm64.egg/astropy/io/fits/header.py", line 1726, in _cardindex
    raise KeyError(f"Keyword {keyword!r} not found.")
KeyError: "Keyword 'HBIN_SZ' not found."
No solved reference images
Failed to solve the reference image KELT-16-20250820000606758.fits. Exiting the script.
Pipeline failed at line 22 with exit code 1
